[Licensing::Module] Trying to connect to existing licensing client channel...
Built from '6000.3/staging' branch; Version is '6000.3.13f1 (8c4f11e4fb20) revision 9195281'; Using compiler version '194234433'; Build Type 'Release'
[Licensing::IpcConnector] Channel LicenseClient-[USER] doesn't exist
OS: 'Windows 11  (10.0.26200) Core' Language: 'zh' Physical Memory: 32122 MB
BatchMode: 0, IsHumanControllingUs: 1, StartBugReporterOnCrash: 1, Is64bit: 1
System  architecture: x64
Process architecture: x64
Date: 2026-09-17T11:29:37Z
[Licensing::Module] Successfully launched the LicensingClient (PId: 49892)
[Licensing::IpcConnector] Successfully connected to: "LicenseClient-[USER]" at "2026-09-17T11:29:37.5663224Z"

COMMAND LINE ARGUMENTS:
C:\Program Files\Unity\Hub\Editor\6000.3.13f1\Editor\Unity.exe
-projectPath
D:\CodexValidation\hlsl-unity-live-20260917
-force-d3d11
-executeMethod
LiveEvidence.Run
-logFile
D:\CodexValidation\hlsl-live-evidence-20260917\unity-editor.log
Successfully changed project path to: D:\CodexValidation\hlsl-unity-live-20260917
D:/CodexValidation/hlsl-unity-live-20260917
[UnityMemory] Configuration Parameters - Can be set up in boot.config
    "memorysetup-temp-allocator-size-nav-mesh-worker=65536"
    "memorysetup-temp-allocator-size-audio-worker=65536"
    "memorysetup-temp-allocator-size-gfx=262144"
    "memorysetup-allocator-temp-initial-block-size-main=262144"
    "memorysetup-allocator-temp-initial-block-size-worker=262144"
    "memorysetup-temp-allocator-size-background-worker=32768"
    "memorysetup-temp-allocator-size-job-worker=262144"
    "memorysetup-temp-allocator-size-preload-manager=33554432"
    "memorysetup-temp-allocator-size-gi-baking-worker=262144"
    "memorysetup-temp-allocator-size-gi-baking-worker=262144"
    "memorysetup-temp-allocator-size-gi-baking-worker=262144"
    "memorysetup-temp-allocator-size-gi-baking-worker=262144"
    "memorysetup-temp-allocator-size-gi-baking-worker=262144"
    "memorysetup-bucket-allocator-granularity=16"
    "memorysetup-bucket-allocator-bucket-count=8"
    "memorysetup-bucket-allocator-block-size=33554432"
    "memorysetup-bucket-allocator-block-count=8"
    "memorysetup-main-allocator-block-size=16777216"
    "memorysetup-thread-allocator-block-size=16777216"
    "memorysetup-gfx-main-allocator-block-size=16777216"
    "memorysetup-gfx-thread-allocator-block-size=16777216"
    "memorysetup-cache-allocator-block-size=4194304"
    "memorysetup-typetree-allocator-block-size=2097152"
    "memorysetup-profiler-bucket-allocator-granularity=16"
    "memorysetup-profiler-bucket-allocator-bucket-count=8"
    "memorysetup-profiler-bucket-allocator-block-size=33554432"
    "memorysetup-profiler-bucket-allocator-block-count=8"
    "memorysetup-profiler-allocator-block-size=16777216"
    "memorysetup-profiler-editor-allocator-block-size=1048576"
    "memorysetup-temp-allocator-size-main=16777216"
    "memorysetup-job-temp-allocator-block-size=2097152"
    "memorysetup-job-temp-allocator-block-size-background=1048576"
    "memorysetup-job-temp-allocator-reduction-small-platforms=262144"
    "memorysetup-temp-allocator-size-cloud-worker=32768"
[REDACTED: local player connection identifiers]

[REDACTED: local player connection identifiers]

[REDACTED: local player connection identifiers]

[REDACTED: local player connection identifiers]

[REDACTED: local player connection identifiers]
[REDACTED: local player connection identifiers]
Input System module state changed to: Initialized.
[Physics::Module] Initialized fallback backend.
[Physics::Module] Id: 0xdecafbad
[Package Manager] Connected to IPC stream "Upm-33632" after 0.2 seconds.
[Licensing::Module] Licensing is not yet initialized.
[Licensing::Client] Handshaking with LicensingClient:
  Version:                 1.18.1+9fbee8e
  Session Id: [REDACTED]
  Correlation Id: [REDACTED]
  External correlation Id: [REDACTED]
  Machine Id: [REDACTED]
[Licensing::Module] Successfully connected to LicensingClient on channel: "LicenseClient-[USER]" (connect: 0.38s, validation: 0.04s, handshake: 1.96s)
[Licensing::IpcConnector] Successfully connected to: "LicenseClient-[USER]-notifications" at "2026-09-17T11:29:39.5683998Z"
[Licensing::Module] Connected to LicensingClient (PId: 49892, launch time: 0.01, total connection time: 2.38s)
[Licensing::Module] Error: Access token is unavailable; failed to update
[Licensing::Client] Successfully resolved entitlement details
[Licensing::Module] License group:
  Id: [REDACTED]
  Product: Unity Personal Version
  Type: Assigned
  Expiration: Unlimited
[Licensing::Client] Successfully updated license, isAsync: True, time: 0.01
[Licensing::Client] Successfully resolved entitlement details
[Licensing::Module] Licensing Background thread has ended after 2.41s
[Licensing::Module] Licensing is initialized (took 1.60s).
[Licensing::Client] Successfully resolved entitlement details
Library Redirect Path: Library/
Rebuilding Library because the asset database could not be found!
[Physics::Module] Selected backend.
[Physics::Module] Name: PhysX
[Physics::Module] Id: 0xf2b8ea05
[Physics::Module] SDK Version: 4.1.2
[Physics::Module] Integration Version: 1.0.0
[Physics::Module] Threading Mode: Multi-Threaded
Refreshing native plugins compatible for Editor in 0.00 ms, found 0 plugins.
Preloading 0 native plugins for Editor in 0.00 ms.
Initialize engine version: 6000.3.13f1 (8c4f11e4fb20)
[Subsystems] Discovering subsystems at path C:/Program Files/Unity/Hub/Editor/6000.3.13f1/Editor/Data/Resources/UnitySubsystems
[Subsystems] Discovering subsystems at path D:/CodexValidation/hlsl-unity-live-20260917/Assets
Forcing GfxDevice: Direct3D 11
GfxDevice: creating device client; kGfxThreadingModeThreaded
Direct3D:
    Version:  Direct3D 11.0 [level 11.1]
    Renderer: NVIDIA GeForce RTX 4090 (ID=0x2684)
    Vendor:   NVIDIA
    VRAM:     24138 MB
    Driver:   32.0.15.9186
[D3D12 Device Filter] Vendor Name: NVIDIA
[D3D12 Device Filter] Device Name: NVIDIA GeForce RTX 4090
[D3D12 Device Filter] Driver Version: 32.0.15.9186
[D3D12 Device Filter] Feature Level: 12.2
[D3D12 Device Filter] Graphics Memory: 24138 MB
[D3D12 Device Filter] Processor Count: 20
[D3D12 Device Filter] Device Type: Discrete
Initialize mono
Mono path[0] = 'C:/Program Files/Unity/Hub/Editor/6000.3.13f1/Editor/Data/Managed'
Mono path[1] = 'C:/Program Files/Unity/Hub/Editor/6000.3.13f1/Editor/Data/MonoBleedingEdge/lib/mono/unityjit-win32'
Mono config path = 'C:/Program Files/Unity/Hub/Editor/6000.3.13f1/Editor/Data/MonoBleedingEdge/etc'
Using monoOptions --debugger-agent=transport=dt_socket,embedding=1,server=y,suspend=n,address=127.0.0.1:56632
Using cacheserver namespaces - metadata:defaultmetadata, artifacts:defaultartifacts
Using cacheserver namespaces - metadata:defaultmetadata, artifacts:defaultartifacts
ImportWorker Server TCP listen port: 0
AcceleratorClientConnectionCallback - disconnected - :0
Begin MonoManager ReloadAssembly
Registering precompiled unity dll's ...
Register platform support module: C:/Program Files/Unity/Hub/Editor/6000.3.13f1/Editor/Data/PlaybackEngines/WindowsStandaloneSupport/UnityEditor.WindowsStandalone.Extensions.dll
Registered in 0.004181 seconds.
- Loaded All Assemblies, in  0.470 seconds
Native extension for WindowsStandalone target not found
Package Manager log level set to [2]
ScheduleIndexationOnStartup MainProcess:False IndexOnStartup:False
Mono: successfully reloaded assembly
- Finished resetting the current domain, in  0.347 seconds
Domain Reload Profiling: 814ms
	BeginReloadAssembly (222ms)
		ExecutionOrderSort (0ms)
		DisableScriptedObjects (0ms)
		BackupInstance (0ms)
		ReleaseScriptingObjects (0ms)
		CreateAndSetChildDomain (22ms)
	RebuildCommonClasses (38ms)
	RebuildNativeTypeToScriptingClass (8ms)
	initialDomainReloadingComplete (55ms)
	LoadAllAssembliesAndSetupDomain (144ms)
		LoadAssemblies (196ms)
		RebuildTransferFunctionScriptingTraits (0ms)
		AnalyzeDomain (140ms)
			TypeCache.Refresh (139ms)
				TypeCache.ScanAssembly (123ms)
			BuildScriptInfoCaches (0ms)
			ResolveRequiredComponents (1ms)
	FinalizeReload (347ms)
		ReleaseScriptCaches (0ms)
		RebuildScriptCaches (0ms)
		SetupLoadedEditorAssemblies (314ms)
			LogAssemblyErrors (0ms)
			InitializePlatformSupportModulesInManaged (40ms)
			SetLoadedEditorAssemblies (3ms)
			BeforeProcessingInitializeOnLoad (63ms)
			ProcessInitializeOnLoadAttributes (117ms)
			ProcessInitializeOnLoadMethodAttributes (90ms)
			AfterProcessingInitializeOnLoad (0ms)
			EditorAssembliesLoaded (0ms)
		ExecutionOrderSort2 (0ms)
		AwakeInstancesAfterBackupRestoration (0ms)
[Licensing::Client] Successfully resolved entitlement details
Application.AssetDatabase Initial Refresh Start
[Package Manager] Done resolving packages in 0.43 seconds
[Licensing::Client] Successfully resolved entitlement details
[Package Manager] Lock file was created
[Package Manager] Registered 3 packages:
  Built-in packages:
    com.unity.modules.imgui@1.0.0 (location: D:\CodexValidation\hlsl-unity-live-20260917\Library\PackageCache\com.unity.modules.imgui)
    com.unity.modules.imageconversion@1.0.0 (location: D:\CodexValidation\hlsl-unity-live-20260917\Library\PackageCache\com.unity.modules.imageconversion)
    com.unity.modules.screencapture@1.0.0 (location: D:\CodexValidation\hlsl-unity-live-20260917\Library\PackageCache\com.unity.modules.screencapture)
[Subsystems] No new subsystems found in resolved package list.
[Package Manager] Done registering packages in 0.00 seconds
[ScriptCompilation] Requested script compilation because: Assetdatabase observed changes in script compilation related files
Starting: C:\Program Files\Unity\Hub\Editor\6000.3.13f1\Editor\Data\Tools\BuildPipeline\bee_backend.exe --ipc --defer-dag-verification --dagfile="Library/Bee/1900b0aE.dag" --continue-on-failure --profile="Library/Bee/backend1.traceevents" ScriptAssemblies
WorkingDir: D:/CodexValidation/hlsl-unity-live-20260917
ExitCode: 4 Duration: 0s59ms
[             ] Require frontend run.  Library/Bee/1900b0aE.dag couldn't be loaded
Starting: C:\Program Files\Unity\Hub\Editor\6000.3.13f1\Editor\Data\netcorerun\netcorerun.exe "C:\Program Files\Unity\Hub\Editor\6000.3.13f1\Editor\Data\Tools\BuildPipeline\ScriptCompilationBuildProgram.exe" "Library/Bee/1900b0aE.dag.json" "Library/Bee/1900b0aE-inputdata.json" "Library\Bee\buildprogram0.traceevents"
WorkingDir: D:/CodexValidation/hlsl-unity-live-20260917
ExitCode: 0 Duration: 0s279ms
Starting: C:\Program Files\Unity\Hub\Editor\6000.3.13f1\Editor\Data\Tools\BuildPipeline\bee_backend.exe --ipc --defer-dag-verification --dagfile="Library/Bee/1900b0aE.dag" --continue-on-failure --dagfilejson="Library\Bee\1900b0aE.dag.json" --profile="Library/Bee/backend2.traceevents" ScriptAssemblies
WorkingDir: D:/CodexValidation/hlsl-unity-live-20260917
ExitCode: 0 Duration: 3s146ms
Finished compiling graph: 158 nodes, 565 flattened edges (555 ToBuild, 4 ToUse), maximum node priority 18
[  1/155    0s] MovedFromExtractor Library/Bee/artifacts/mvdfrm/UnityEditor.ShaderCompilationModule.dll_109C339498C01B84.mvfrm
[  2/155    0s] MovedFromExtractor Library/Bee/artifacts/mvdfrm/UnityEditor.TextCoreTextEngineModule.dll_47B8F9A35D89D429.mvfrm
[  3/155    0s] MovedFromExtractor Library/Bee/artifacts/mvdfrm/UnityEditor.TextCoreFontEngineModule.dll_FFD0C331CE061B0B.mvfrm
[  4/155    0s] MovedFromExtractor Library/Bee/artifacts/mvdfrm/UnityEditor.SpriteShapeModule.dll_F68FBA9EE99A4242.mvfrm
[  5/155    0s] MovedFromExtractor Library/Bee/artifacts/mvdfrm/UnityEditor.SketchUpModule.dll_ACE0D360CE505405.mvfrm
[  6/155    0s] MovedFromExtractor Library/Bee/artifacts/mvdfrm/UnityEngine.LocalizationModule.dll_A4171EEEDAE14B22.mvfrm
[  7/155    0s] MovedFromExtractor Library/Bee/artifacts/mvdfrm/UnityEditor.SceneViewModule.dll_F621CF989934A017.mvfrm
[  8/155    0s] MovedFromExtractor Library/Bee/artifacts/mvdfrm/UnityEditor.UIAutomationModule.dll_9B94C101096D6909.mvfrm
[  9/155    0s] MovedFromExtractor Library/Bee/artifacts/mvdfrm/UnityEditor.SpriteMaskModule.dll_20DF8F0C11A76E3F.mvfrm
[ 10/155    0s] MovedFromExtractor Library/Bee/artifacts/mvdfrm/UnityEditor.UIElementsSamplesModule.dll_04CDD11CB5BC26B4.mvfrm
[ 11/155    0s] MovedFromExtractor Library/Bee/artifacts/mvdfrm/UnityEditor.ShaderFoundryModule.dll_0937506F700E983A.mvfrm
[ 12/155    0s] MovedFromExtractor Library/Bee/artifacts/mvdfrm/UnityEditor.UIBuilderModule.dll_0BFA99AD16CA4C3D.mvfrm
[ 13/155    0s] MovedFromExtractor Library/Bee/artifacts/mvdfrm/UnityEditor.TreeModule.dll_4B35A25D34E3556C.mvfrm
[ 14/155    0s] MovedFromExtractor Library/Bee/artifacts/mvdfrm/UnityEditor.ShaderBuildSettingsModule.dll_32A94F53768145B2.mvfrm
[ 15/155    0s] MovedFromExtractor Library/Bee/artifacts/mvdfrm/UnityEditor.SceneTemplateModule.dll_CA57802C4D5F1BAC.mvfrm
[ 16/155    0s] MovedFromExtractor Library/Bee/artifacts/mvdfrm/UnityEditor.TextRenderingModule.dll_13FAA2679FBBCD05.mvfrm
[ 17/155    0s] MovedFromExtractor Library/Bee/artifacts/mvdfrm/UnityEditor.SubstanceModule.dll_6151796A33C9AB16.mvfrm
[ 18/155    0s] MovedFromExtractor Library/Bee/artifacts/mvdfrm/UnityEditor.UIElementsModule.dll_8FCB56D5E31B9249.mvfrm
[ 19/155    0s] MovedFromExtractor Library/Bee/artifacts/mvdfrm/UnityEditor.TilemapModule.dll_1B48DC09958CC884.mvfrm
[ 20/155    0s] MovedFromExtractor Library/Bee/artifacts/mvdfrm/UnityEditor.TerrainModule.dll_7C4C74887DCFE77B.mvfrm
[ 21/155    0s] MovedFromExtractor Library/Bee/artifacts/mvdfrm/UnityEditor.SafeModeModule.dll_C4CBEE10831EB7EE.mvfrm
[ 22/155    0s] MovedFromExtractor Library/Bee/artifacts/mvdfrm/UnityEditor.PropertiesModule.dll_64EE5BBA63233D01.mvfrm
[ 23/155    0s] MovedFromExtractor Library/Bee/artifacts/mvdfrm/UnityEditor.QuickInstallModule.dll_C9D3204FAE800E7C.mvfrm
[ 24/155    0s] MovedFromExtractor Library/Bee/artifacts/mvdfrm/UnityEditor.QuickSearchModule.dll_9F0B29E1E3CB65CB.mvfrm
[ 25/155    0s] MovedFromExtractor Library/Bee/artifacts/mvdfrm/UnityEditor.PresetsUIModule.dll_72D82572A66A2B0E.mvfrm
[ 26/155    0s] MovedFromExtractor Library/Bee/artifacts/mvdfrm/UnityEditor.GraphicsStateCollectionSerializerModule.dll_247688076C900F4C.mvfrm
[ 27/155    0s] MovedFromExtractor Library/Bee/artifacts/mvdfrm/UnityEditor.Physics2DModule.dll_1CB767C139EBED5F.mvfrm
[ 28/155    0s] MovedFromExtractor Library/Bee/artifacts/mvdfrm/UnityEditor.PhysicsModule.dll_6205F919A8119E8D.mvfrm
[ 29/155    0s] MovedFromExtractor Library/Bee/artifacts/mvdfrm/UnityEditor.GridModule.dll_CAFAC93CC5725624.mvfrm
[ 30/155    0s] MovedFromExtractor Library/Bee/artifacts/mvdfrm/UnityEditor.PlayModeModule.dll_0ABFDFCA21E7C755.mvfrm
[ 31/155    0s] MovedFromExtractor Library/Bee/artifacts/mvdfrm/UnityEditor.GIModule.dll_3FD8EAA05AA17F30.mvfrm
[ 32/155    0s] MovedFromExtractor Library/Bee/artifacts/mvdfrm/UnityEditor.HierarchyModule.dll_A4E5F36C61F111CB.mvfrm
[ 33/155    0s] MovedFromExtractor Library/Bee/artifacts/mvdfrm/UnityEditor.EmbreeModule.dll_6CA76527E63AA016.mvfrm
[ 34/155    0s] MovedFromExtractor Library/Bee/artifacts/mvdfrm/UnityEditor.MediaModule.dll_C339781CFA7B5CCA.mvfrm
[ 35/155    0s] MovedFromExtractor Library/Bee/artifacts/mvdfrm/UnityEditor.GridAndSnapModule.dll_1DB48F560E592661.mvfrm
[ 36/155    0s] MovedFromExtractor Library/Bee/artifacts/mvdfrm/UnityEditor.GraphViewModule.dll_B771EC90A411D309.mvfrm
[ 37/155    0s] MovedFromExtractor Library/Bee/artifacts/mvdfrm/UnityEditor.DeviceSimulatorModule.dll_C292C75D52DEE024.mvfrm
[ 38/155    0s] MovedFromExtractor Library/Bee/artifacts/mvdfrm/UnityEditor.EditorToolbarModule.dll_A6B80F6E4E727174.mvfrm
[ 39/155    0s] MovedFromExtractor Library/Bee/artifacts/mvdfrm/UnityEditor.DiagnosticsModule.dll_13FBA8D48AF46972.mvfrm
[ 40/155    0s] MovedFromExtractor Library/Bee/artifacts/mvdfrm/UnityEditor.CoreModule.dll_ED89AD4EAD1DC02D.mvfrm
[ 41/155    0s] MovedFromExtractor Library/Bee/artifacts/mvdfrm/UnityEditor.CoreBusinessMetricsModule.dll_AA6E0224C9C9436A.mvfrm
[ 42/155    0s] MovedFromExtractor Library/Bee/artifacts/mvdfrm/UnityEditor.AdaptivePerformanceModule.dll_2A8308AAA3821470.mvfrm
[ 43/155    0s] MovedFromExtractor Library/Bee/artifacts/mvdfrm/UnityEditor.ClothModule.dll_5E61BB86564BB320.mvfrm
[ 44/155    0s] MovedFromExtractor Library/Bee/artifacts/mvdfrm/UnityEditor.BuildProfileModule.dll_EAF3D2106CF9A049.mvfrm
[ 45/155    0s] MovedFromExtractor Library/Bee/artifacts/mvdfrm/UnityEditor.AccessibilityModule.dll_70BBF99BD4DCC024.mvfrm
[ 46/155    0s] MovedFromExtractor Library/Bee/artifacts/mvdfrm/UnityEngine.dll_3D58DE366E109EBD.mvfrm
[ 47/155    0s] MovedFromExtractor Library/Bee/artifacts/mvdfrm/UnityEngine.VirtualTexturingModule.dll_AD6A5D0C478CB7F6.mvfrm
[ 48/155    0s] MovedFromExtractor Library/Bee/artifacts/mvdfrm/UnityEditor.AssetComplianceModule.dll_FB6DD74BCD9AC451.mvfrm
[ 49/155    0s] MovedFromExtractor Library/Bee/artifacts/mvdfrm/UnityEngine.VFXModule.dll_CFD5D84BD47F7B93.mvfrm
[ 50/155    0s] MovedFromExtractor Library/Bee/artifacts/mvdfrm/UnityEngine.UnityConnectModule.dll_D38D63958C65860E.mvfrm
[ 51/155    0s] MovedFromExtractor Library/Bee/artifacts/mvdfrm/UnityEngine.TextCoreFontEngineModule.dll_7E303E84E103D9D6.mvfrm
[ 52/155    0s] MovedFromExtractor Library/Bee/artifacts/mvdfrm/UnityEngine.TextCoreTextEngineModule.dll_C61874F6708792F4.mvfrm
[ 53/155    0s] MovedFromExtractor Library/Bee/artifacts/mvdfrm/UnityEngine.UnityCurlModule.dll_B91409EAEE82999C.mvfrm
[ 54/155    0s] MovedFromExtractor Library/Bee/artifacts/mvdfrm/UnityEngine.TextRenderingModule.dll_A03B948F18B4502A.mvfrm
[ 55/155    0s] MovedFromExtractor Library/Bee/artifacts/mvdfrm/UnityEngine.UnityConsentModule.dll_A532FAC199701C5E.mvfrm
[ 56/155    0s] MovedFromExtractor Library/Bee/artifacts/mvdfrm/UnityEngine.TLSModule.dll_4EF73FDCFE121226.mvfrm
[ 57/155    0s] MovedFromExtractor Library/Bee/artifacts/mvdfrm/UnityEngine.SubstanceModule.dll_17376A5319495CFB.mvfrm
[ 58/155    0s] MovedFromExtractor Library/Bee/artifacts/mvdfrm/UnityEngine.StreamingModule.dll_3A8C5609CDF65EED.mvfrm
[ 59/155    0s] MovedFromExtractor Library/Bee/artifacts/mvdfrm/UnityEngine.UnityAnalyticsCommonModule.dll_29E5134447B4B675.mvfrm
[ 60/155    0s] MovedFromExtractor Library/Bee/artifacts/mvdfrm/UnityEngine.SpriteShapeModule.dll_FC558A2DFBD452C7.mvfrm
[ 61/155    0s] MovedFromExtractor Library/Bee/artifacts/mvdfrm/UnityEngine.ShaderVariantAnalyticsModule.dll_B99F6210F3806FDF.mvfrm
[ 62/155    0s] MovedFromExtractor Library/Bee/artifacts/mvdfrm/UnityEngine.ShaderRuntimeModule.dll_8CD494F19DD8ADBE.mvfrm
[ 63/155    0s] MovedFromExtractor Library/Bee/artifacts/mvdfrm/UnityEngine.SpriteMaskModule.dll_218DFC5413EB878A.mvfrm
[ 64/155    0s] MovedFromExtractor Library/Bee/artifacts/mvdfrm/UnityEngine.ScreenCaptureModule.dll_76FC2284617CD035.mvfrm
[ 65/155    0s] MovedFromExtractor Library/Bee/artifacts/mvdfrm/UnityEngine.RuntimeInitializeOnLoadManagerInitializerModule.dll_E28E8089E055980D.mvfrm
[ 66/155    0s] MovedFromExtractor Library/Bee/artifacts/mvdfrm/UnityEngine.PropertiesModule.dll_659CC9026567564C.mvfrm
[ 67/155    0s] MovedFromExtractor Library/Bee/artifacts/mvdfrm/UnityEngine.RenderAs2DModule.dll_A6D48B8844C1A083.mvfrm
[ 68/155    0s] MovedFromExtractor Library/Bee/artifacts/mvdfrm/UnityEngine.PhysicsBackendPhysXModule.dll_C52684EDC183AA34.mvfrm
[ 69/155    0s] MovedFromExtractor Library/Bee/artifacts/mvdfrm/UnityEngine.MultiplayerModule.dll_629C795FFEF9A835.mvfrm
[ 70/155    0s] MovedFromExtractor Library/Bee/artifacts/mvdfrm/UnityEngine.SharedInternalsModule.dll_B842C654BBECA0EC.mvfrm
[ 71/155    0s] MovedFromExtractor Library/Bee/artifacts/mvdfrm/UnityEngine.PerformanceReportingModule.dll_8EA656002DCC1817.mvfrm
[ 72/155    0s] MovedFromExtractor Library/Bee/artifacts/mvdfrm/UnityEngine.InsightsModule.dll_59A979219166DEF4.mvfrm
[ 73/155    0s] MovedFromExtractor Library/Bee/artifacts/mvdfrm/UnityEditor.MultiplayerModule.dll_5CD6A9D0ECBF97B0.mvfrm
[ 74/155    0s] MovedFromExtractor Library/Bee/artifacts/mvdfrm/UnityEngine.MarshallingModule.dll_8B5CFB682A5A480F.mvfrm
[ 75/155    0s] MovedFromExtractor Library/Bee/artifacts/mvdfrm/UnityEngine.InputModule.dll_241BE2A023E42985.mvfrm
[ 76/155    0s] MovedFromExtractor Library/Bee/artifacts/mvdfrm/UnityEngine.InputLegacyModule.dll_743977F1DE23D0AE.mvfrm
[ 77/155    0s] MovedFromExtractor Library/Bee/artifacts/mvdfrm/UnityEngine.ImageConversionModule.dll_3431877F44BEA59C.mvfrm
[ 78/155    0s] MovedFromExtractor Library/Bee/artifacts/mvdfrm/UnityEngine.IdentifiersModule.dll_BB7DE4C908AAE8D5.mvfrm
[ 79/155    0s] MovedFromExtractor Library/Bee/artifacts/mvdfrm/UnityEngine.InputForUIModule.dll_3B13E3DD529C8ECC.mvfrm
[ 80/155    0s] MovedFromExtractor Library/Bee/artifacts/mvdfrm/UnityEngine.IMGUIModule.dll_F605BA5673DD98C2.mvfrm
[ 81/155    0s] MovedFromExtractor Library/Bee/artifacts/mvdfrm/UnityEngine.DSPGraphModule.dll_C53411FA794A6096.mvfrm
[ 82/155    0s] MovedFromExtractor Library/Bee/artifacts/mvdfrm/UnityEngine.GraphicsStateCollectionSerializerModule.dll_2D6A54F7398F58B1.mvfrm
[ 83/155    0s] WriteText Library/Bee/artifacts/1900b0aE.dag/Assembly-CSharp.rsp2
[ 84/155    0s] WriteText Library/Bee/artifacts/1900b0aE.dag/Assembly-CSharp.UnityAdditionalFile.txt
[ 85/155    0s] WriteText Library/Bee/artifacts/1900b0aE.dag/Assembly-CSharp.rsp
[ 86/155    0s] WriteText Library/Bee/artifacts/1900b0aE.dag/Assembly-CSharp.dll.mvfrm.rsp
[ 87/155    0s] MovedFromExtractor Library/Bee/artifacts/mvdfrm/UnityEngine.ClusterRendererModule.dll_C83F89CEC299EDA8.mvfrm
[ 88/155    0s] MovedFromExtractor Library/Bee/artifacts/mvdfrm/UnityEngine.GameCenterModule.dll_386189C3F27BF210.mvfrm
[ 89/155    0s] MovedFromExtractor Library/Bee/artifacts/mvdfrm/UnityEngine.HotReloadModule.dll_074026BF59A1C331.mvfrm
[ 90/155    0s] MovedFromExtractor Library/Bee/artifacts/mvdfrm/UnityEngine.CrashReportingModule.dll_0F1984E80E6E45F0.mvfrm
[ 91/155    0s] MovedFromExtractor Library/Bee/artifacts/mvdfrm/UnityEngine.GIModule.dll_7E477C2FC61EB2FB.mvfrm
[ 92/155    0s] MovedFromExtractor Library/Bee/artifacts/mvdfrm/UnityEngine.ContentLoadModule.dll_7C0AB61414B4C2AA.mvfrm
[ 93/155    0s] MovedFromExtractor Library/Bee/artifacts/mvdfrm/UnityEngine.ClusterInputModule.dll_65CA549C43655829.mvfrm
[ 94/155    0s] MovedFromExtractor Library/Bee/artifacts/mvdfrm/UnityEngine.CoreModule.dll_10AA80A155232B58.mvfrm
[ 95/155    0s] MovedFromExtractor Library/Bee/artifacts/mvdfrm/UnityEngine.GridModule.dll_EE1B9C8F6D77C14F.mvfrm
[ 96/155    0s] MovedFromExtractor Library/Bee/artifacts/mvdfrm/UnityEngine.ARModule.dll_9F7DF825878D29AA.mvfrm
[ 97/155    0s] MovedFromExtractor Library/Bee/artifacts/mvdfrm/UnityEditor.UnityConnectModule.dll_E62DDF8691DD8563.mvfrm
[ 98/155    0s] MovedFromExtractor Library/Bee/artifacts/mvdfrm/UnityEditor.VFXModule.dll_C3B435F864CF6D8E.mvfrm
[ 99/155    0s] MovedFromExtractor Library/Bee/artifacts/mvdfrm/UnityEditor.VectorGraphicsModule.dll_3E4EA2CDF299B3BC.mvfrm
[100/155    0s] MovedFromExtractor Library/Bee/artifacts/mvdfrm/UnityEditor.dll_0AB4975E0F9D11D8.mvfrm
[101/155    0s] MovedFromExtractor Library/Bee/artifacts/mvdfrm/UnityEditor.XRModule.dll_28A1294A462E6F98.mvfrm
[102/155    0s] MovedFromExtractor Library/Bee/artifacts/mvdfrm/UnityEditor.VideoModule.dll_1C82E2F63EC0EFE1.mvfrm
[103/155    0s] MovedFromExtractor Library/Bee/artifacts/mvdfrm/UnityEditor.UmbraModule.dll_724E0AA409557FAF.mvfrm
[104/155    0s] MovedFromExtractor Library/Bee/artifacts/mvdfrm/UnityEditor.UIToolkitAuthoringModule.dll_332757BEEC8C9ECB.mvfrm
[105/155    0s] MovedFromExtractor Library/Bee/artifacts/mvdfrm/UnityEngine.VehiclesModule.dll_37A5AA1081135F10.mvfrm
[106/155    0s] MovedFromExtractor Library/Bee/artifacts/mvdfrm/UnityEngine.WindModule.dll_86F95BC9E659A9C1.mvfrm
[107/155    0s] MovedFromExtractor Library/Bee/artifacts/mvdfrm/UnityEngine.XRModule.dll_670FBAD9B1ABA363.mvfrm
[108/155    0s] MovedFromExtractor Library/Bee/artifacts/mvdfrm/UnityEditor.Graphs.dll_C3515571E403DD5F.mvfrm
[109/155    0s] MovedFromExtractor Library/Bee/artifacts/mvdfrm/UnityEngine.VideoModule.dll_E2AF9F5A703E2086.mvfrm
[110/155    0s] MovedFromExtractor Library/Bee/artifacts/mvdfrm/UnityEngine.AIModule.dll_E60B33222A6FCAE1.mvfrm
[111/155    0s] MovedFromExtractor Library/Bee/artifacts/mvdfrm/UnityEngine.AMDModule.dll_50677C77D6E196D3.mvfrm
[112/155    0s] MovedFromExtractor Library/Bee/artifacts/mvdfrm/UnityEngine.UnityWebRequestAudioModule.dll_06A2A9DEB436E2AF.mvfrm
[113/155    0s] MovedFromExtractor Library/Bee/artifacts/mvdfrm/UnityEngine.VectorGraphicsModule.dll_F97304690E8647C7.mvfrm
[114/155    0s] MovedFromExtractor Library/Bee/artifacts/mvdfrm/UnityEngine.UnityWebRequestWWWModule.dll_90DABA5260474F60.mvfrm
[115/155    0s] MovedFromExtractor Library/Bee/artifacts/mvdfrm/UnityEngine.VRModule.dll_3450F7D528715605.mvfrm
[116/155    0s] MovedFromExtractor Library/Bee/artifacts/mvdfrm/UnityEngine.UnityWebRequestModule.dll_45D08F294FB3401B.mvfrm
[117/155    0s] MovedFromExtractor Library/Bee/artifacts/mvdfrm/UnityEditor.WindowsStandalone.Extensions.dll_C6BBC68AFA68F943.mvfrm
[118/155    0s] MovedFromExtractor Library/Bee/artifacts/mvdfrm/UnityEngine.UmbraModule.dll_387AC7083AD2B054.mvfrm
[119/155    0s] MovedFromExtractor Library/Bee/artifacts/mvdfrm/UnityEngine.UIModule.dll_E17ED14F86B6D08D.mvfrm
[120/155    0s] MovedFromExtractor Library/Bee/artifacts/mvdfrm/UnityEngine.UnityAnalyticsModule.dll_81CB3EFE28A7237A.mvfrm
[121/155    0s] MovedFromExtractor Library/Bee/artifacts/mvdfrm/UnityEngine.UnityWebRequestTextureModule.dll_F8E5446047B43464.mvfrm
[122/155    0s] MovedFromExtractor Library/Bee/artifacts/mvdfrm/UnityEngine.UnityWebRequestAssetBundleModule.dll_301D3648E36C51CB.mvfrm
[123/155    0s] MovedFromExtractor Library/Bee/artifacts/mvdfrm/UnityEngine.UIElementsModule.dll_9079C41DE55FAB94.mvfrm
[124/155    0s] MovedFromExtractor-Combine Library/Bee/artifacts/1900b0aE.dag/Assembly-CSharp.dll.mvfrm
[125/155    0s] MovedFromExtractor Library/Bee/artifacts/mvdfrm/UnityEngine.ParticleSystemModule.dll_622BCE347C7FD17E.mvfrm
[126/155    0s] MovedFromExtractor Library/Bee/artifacts/mvdfrm/UnityEngine.TilemapModule.dll_0DC394B3FA9BAFC9.mvfrm
[127/155    0s] WriteText Library/Bee/artifacts/1900b0aE.dag/Assembly-CSharp-Editor.rsp2
[128/155    0s] WriteText Library/Bee/artifacts/1900b0aE.dag/Assembly-CSharp-Editor.UnityAdditionalFile.txt
[129/155    0s] WriteText Library/Bee/artifacts/1900b0aE.dag/Assembly-CSharp-Editor.rsp
[130/155    0s] WriteText Library/Bee/artifacts/1900b0aE.dag/Assembly-CSharp-Editor.dll.mvfrm.rsp
[131/155    0s] MovedFromExtractor Library/Bee/artifacts/mvdfrm/UnityEngine.PhysicsModule.dll_5480B1C40D2085D2.mvfrm
[132/155    0s] MovedFromExtractor Library/Bee/artifacts/mvdfrm/UnityEngine.Physics2DModule.dll_D29D58AA1F6B9F44.mvfrm
[133/155    0s] MovedFromExtractor Library/Bee/artifacts/mvdfrm/UnityEngine.TerrainPhysicsModule.dll_62A6770795C2CC0B.mvfrm
[134/155    0s] MovedFromExtractor Library/Bee/artifacts/mvdfrm/UnityEngine.SubsystemsModule.dll_8C3B62B5E2336F9D.mvfrm
[135/155    0s] MovedFromExtractor Library/Bee/artifacts/mvdfrm/UnityEngine.HierarchyCoreModule.dll_7417889DBC829C3F.mvfrm
[136/155    0s] MovedFromExtractor Library/Bee/artifacts/mvdfrm/UnityEngine.TerrainModule.dll_6EC72D32E2DECEC0.mvfrm
[137/155    0s] MovedFromExtractor Library/Bee/artifacts/mvdfrm/UnityEngine.JSONSerializeModule.dll_5D1474FF4D10A3D3.mvfrm
[138/155    0s] MovedFromExtractor Library/Bee/artifacts/mvdfrm/UnityEngine.NVIDIAModule.dll_C4B87D0F43D7BAC4.mvfrm
[139/155    0s] MovedFromExtractor Library/Bee/artifacts/mvdfrm/UnityEngine.HierarchyModule.dll_5ACBE4554770C3B0.mvfrm
[140/155    0s] MovedFromExtractor Library/Bee/artifacts/mvdfrm/UnityEngine.AudioModule.dll_BDA61AEFADAC04E1.mvfrm
[141/155    0s] MovedFromExtractor Library/Bee/artifacts/mvdfrm/UnityEngine.DirectorModule.dll_BFE2B09106E98F75.mvfrm
[142/155    0s] MovedFromExtractor Library/Bee/artifacts/mvdfrm/UnityEngine.AdaptivePerformanceModule.dll_EB129D60DEC76775.mvfrm
[143/155    0s] MovedFromExtractor Library/Bee/artifacts/mvdfrm/UnityEngine.ClothModule.dll_248E77EA87C8E3C5.mvfrm
[144/155    0s] MovedFromExtractor Library/Bee/artifacts/mvdfrm/UnityEngine.AssetBundleModule.dll_E2F45CD346321ABD.mvfrm
[145/155    0s] MovedFromExtractor Library/Bee/artifacts/mvdfrm/UnityEngine.AnimationModule.dll_85F768B97E6EA7AF.mvfrm
[146/155    0s] MovedFromExtractor Library/Bee/artifacts/mvdfrm/UnityEngine.AndroidJNIModule.dll_0E143FA92C3B011F.mvfrm
[147/155    0s] MovedFromExtractor Library/Bee/artifacts/mvdfrm/UnityEngine.AccessibilityModule.dll_FCFCEBC34DD54349.mvfrm
[148/155    0s] MovedFromExtractor-Combine Library/Bee/artifacts/1900b0aE.dag/Assembly-CSharp-Editor.dll.mvfrm
[149/155    0s] Csc Library/Bee/artifacts/1900b0aE.dag/Assembly-CSharp.dll (+2 others)
Assets\LiveGpuDrivenCrowd\LiveGpuDrivenCrowd.cs(32,30): warning CS8632: The annotation for nullable reference types should only be used in code within a '#nullable' annotations context.

Assets\LiveGpuDrivenCrowd\LiveGpuDrivenCrowd.cs(33,30): warning CS8632: The annotation for nullable reference types should only be used in code within a '#nullable' annotations context.

Assets\LiveGpuDrivenCrowd\LiveGpuDrivenCrowd.cs(34,30): warning CS8632: The annotation for nullable reference types should only be used in code within a '#nullable' annotations context.

Assets\LiveGpuDrivenCrowd\LiveGpuDrivenCrowd.cs(35,25): warning CS8632: The annotation for nullable reference types should only be used in code within a '#nullable' annotations context.
[150/155    0s] CopyFiles Library/ScriptAssemblies/Assembly-CSharp.pdb
[151/155    0s] CopyFiles Library/ScriptAssemblies/Assembly-CSharp.dll
[152/155    0s] Csc Library/Bee/artifacts/1900b0aE.dag/Assembly-CSharp-Editor.dll (+2 others)
[153/155    0s] CopyFiles Library/ScriptAssemblies/Assembly-CSharp-Editor.pdb
[154/155    0s] CopyFiles Library/ScriptAssemblies/Assembly-CSharp-Editor.dll
*** Tundra build success (3.10 seconds), 154 items updated, 155 evaluated
Assets\LiveGpuDrivenCrowd\LiveGpuDrivenCrowd.cs(32,30): warning CS8632: The annotation for nullable reference types should only be used in code within a '#nullable' annotations context.
Assets\LiveGpuDrivenCrowd\LiveGpuDrivenCrowd.cs(33,30): warning CS8632: The annotation for nullable reference types should only be used in code within a '#nullable' annotations context.
Assets\LiveGpuDrivenCrowd\LiveGpuDrivenCrowd.cs(34,30): warning CS8632: The annotation for nullable reference types should only be used in code within a '#nullable' annotations context.
Assets\LiveGpuDrivenCrowd\LiveGpuDrivenCrowd.cs(35,25): warning CS8632: The annotation for nullable reference types should only be used in code within a '#nullable' annotations context.
AssetDatabase: script compilation time: 3.931393s
Begin MonoManager ReloadAssembly
- Loaded All Assemblies, in  0.346 seconds
Start importing Assets using Guid(00000000000000001000000000000000) (DefaultImporter) -> (artifact id: '4b55c7cb15071bfc086d0e52a7664a41') in 0.0212588 seconds
Start importing ProjectSettings/InputManager.asset using Guid(00000000000000002000000000000000) (LibraryAssetImporter) -> (artifact id: '3d278bdfa729973ecf92c670ca181c88') in 0.0074901 seconds
Start importing ProjectSettings/TagManager.asset using Guid(00000000000000003000000000000000) (LibraryAssetImporter) -> (artifact id: '4aa03ef27a83f311e598313a3ec2fbc3') in 0.0018389 seconds
Start importing ProjectSettings/ProjectSettings.asset using Guid(00000000000000004000000000000000) (LibraryAssetImporter) -> (artifact id: '7836ab1d3631e8719f3b408215bd80fd') in 0.0041249 seconds
Start importing ProjectSettings/AudioManager.asset using Guid(00000000000000006000000000000000) (LibraryAssetImporter) -> (artifact id: '7bb8de31f311db17f0fefe3abfd595f1') in 0.0015847 seconds
Start importing ProjectSettings/TimeManager.asset using Guid(00000000000000007000000000000000) (LibraryAssetImporter) -> (artifact id: '52c307e924e96ceef905bcc2cea85a00') in 0.0013181 seconds
Start importing ProjectSettings/DynamicsManager.asset using Guid(00000000000000008000000000000000) (LibraryAssetImporter) -> (artifact id: '0e8be9c96597b88fc6bed8247175ee5d') in 0.0021531 seconds
Start importing ProjectSettings/QualitySettings.asset using Guid(00000000000000009000000000000000) (LibraryAssetImporter) -> (artifact id: '3d22d777d340243128ed3ffa349fb55a') in 0.0026518 seconds
Start importing ProjectSettings/EditorBuildSettings.asset using Guid(0000000000000000b000000000000000) (LibraryAssetImporter) -> (artifact id: '1923232d45cb936aef47cec131f33975') in 0.0015121 seconds
Start importing ProjectSettings/EditorSettings.asset using Guid(0000000000000000c000000000000000) (LibraryAssetImporter) -> (artifact id: 'fdcca38f5f1944c9bec0b9f00395ab39') in 0.0014636 seconds
Start importing ProjectSettings/NavMeshAreas.asset using Guid(00000000000000004100000000000000) (LibraryAssetImporter) -> (artifact id: '4ba0a6bb5cc18b1619eb3b3f4ce570d1') in 0.0013696 seconds
Start importing ProjectSettings/Physics2DSettings.asset using Guid(00000000000000005100000000000000) (LibraryAssetImporter) -> (artifact id: 'bb8ce7f5b2d944741959db20200075a7') in 0.00127 seconds
Start importing ProjectSettings/GraphicsSettings.asset using Guid(00000000000000006100000000000000) (LibraryAssetImporter) -> (artifact id: 'b7a369a9c0780e3bb2635b3b3f88ffe1') in 0.0020014 seconds
Start importing ProjectSettings/ClusterInputManager.asset using Guid(00000000000000007100000000000000) (LibraryAssetImporter) -> (artifact id: '5a028a71a6163b7bc9a46219c48662ec') in 0.0024305 seconds
Start importing ProjectSettings/UnityConnectSettings.asset using Guid(0000000000000000a100000000000000) (LibraryAssetImporter) -> (artifact id: '5a6e69f8200d884ded3f19f546ea756a') in 0.0024268 seconds
Start importing ProjectSettings/PresetManager.asset using Guid(0000000000000000b100000000000000) (LibraryAssetImporter) -> (artifact id: '669bd2cb5cdf99ef516d1350fa42393e') in 0.0023034 seconds
Start importing ProjectSettings/VFXManager.asset using Guid(0000000000000000c100000000000000) (LibraryAssetImporter) -> (artifact id: 'dd6732d958402095937fd19a0cecb735') in 0.0019958 seconds
Start importing ProjectSettings/VersionControlSettings.asset using Guid(0000000000000000d100000000000000) (LibraryAssetImporter) -> (artifact id: 'b89f810c452b248c014f182ae5caa680') in 0.0015029 seconds
Start importing ProjectSettings/MemorySettings.asset using Guid(0000000000000000f100000000000000) (LibraryAssetImporter) -> (artifact id: '19f032dc933bd79e61da5c81f7ddd1ac') in 0.0022428 seconds
Start importing ProjectSettings/MultiplayerManager.asset using Guid(00000000000000000200000000000000) (LibraryAssetImporter) -> (artifact id: 'f060d13f2990d90fc35c577bb4111c66') in 0.0020711 seconds
Start importing Library/BuildInstructions using Guid(00000000000000002300000000000000) (DefaultImporter) -> (artifact id: 'ade3aeda13ad9960ede0e143cb33502a') in 0.0004604 seconds
Start importing Packages/com.unity.modules.imgui using Guid(c060426bfd6e82575228df6656368eaa) (DefaultImporter) -> (artifact id: '7d484ab5933192f91b6a2fb9f7498a1e') in 0.0018705 seconds
Start importing Assets/Editor using Guid(224360482e981a44799e7be54430a210) (DefaultImporter) -> (artifact id: 'b705be8a84b5387abcefb0dedc9955ac') in 0.0140932 seconds
Start importing Packages/com.unity.modules.screencapture using Guid(5469ef0820152a4ae45d400fdc4626e4) (DefaultImporter) -> (artifact id: '1b898430acdbbeb6302342e1f16ef5fd') in 0.0004729 seconds
Start importing Packages/com.unity.modules.imageconversion using Guid(850c54ee0b9e1aa740b1c67792eb1f26) (DefaultImporter) -> (artifact id: '77f78b27bd9bac81a00a007ef6f28867') in 0.0003236 seconds
Start importing Assets/LiveGpuDrivenCrowd using Guid(d67b9fd6ed165ec46801c03e50a7e8fe) (DefaultImporter) -> (artifact id: 'db7d4ecf7608958ef57b6aaf48162d3a') in 0.0020814 seconds
Start importing Packages/com.unity.modules.imageconversion/package.ModuleCompilationTrigger using Guid(830a36a23cf3ab1e61fa47940a6dc35e) (DefaultImporter) -> (artifact id: 'ee0f0c801f95c19382d8b454dc7586e1') in 0.0359874 seconds
Start importing Packages/com.unity.modules.screencapture/package.ModuleCompilationTrigger using Guid(cd561f5f687aed43bf280c27a84f79e3) (DefaultImporter) -> (artifact id: '9675ccd07d8427f33d815eef637fd3c3') in 0.00068 seconds
Start importing Packages/com.unity.modules.imgui/package.ModuleCompilationTrigger using Guid(be13c398521e3c1ad21fb9da30ab2ab6) (DefaultImporter) -> (artifact id: 'ea0574aa05344c7e80357502346d73fc') in 0.0004414 seconds
Refreshing native plugins compatible for Editor in 0.00 ms, found 0 plugins.
Native extension for WindowsStandalone target not found
ScheduleIndexationOnStartup MainProcess:True IndexOnStartup:True
Mono: successfully reloaded assembly
- Finished resetting the current domain, in  0.327 seconds
Domain Reload Profiling: 670ms
	BeginReloadAssembly (282ms)
		ExecutionOrderSort (0ms)
		DisableScriptedObjects (25ms)
		BackupInstance (0ms)
		ReleaseScriptingObjects (0ms)
		CreateAndSetChildDomain (149ms)
	RebuildCommonClasses (25ms)
	RebuildNativeTypeToScriptingClass (8ms)
	initialDomainReloadingComplete (18ms)
	LoadAllAssembliesAndSetupDomain (10ms)
		LoadAssemblies (79ms)
		RebuildTransferFunctionScriptingTraits (0ms)
		AnalyzeDomain (7ms)
			TypeCache.Refresh (4ms)
				TypeCache.ScanAssembly (0ms)
			BuildScriptInfoCaches (0ms)
			ResolveRequiredComponents (0ms)
	FinalizeReload (327ms)
		ReleaseScriptCaches (0ms)
		RebuildScriptCaches (0ms)
		SetupLoadedEditorAssemblies (235ms)
			LogAssemblyErrors (0ms)
			InitializePlatformSupportModulesInManaged (18ms)
			SetLoadedEditorAssemblies (3ms)
			BeforeProcessingInitializeOnLoad (74ms)
			ProcessInitializeOnLoadAttributes (105ms)
			ProcessInitializeOnLoadMethodAttributes (27ms)
			AfterProcessingInitializeOnLoad (7ms)
			EditorAssembliesLoaded (0ms)
		ExecutionOrderSort2 (0ms)
		AwakeInstancesAfterBackupRestoration (18ms)
Start importing Library/BuildPlayer.prefs using Guid(00000000000000005000000000000000) (DefaultImporter) -> (artifact id: '083d37eb6b0e82b8f5c1ec86344d848d') in 0.0045059 seconds
Start importing Assets/LiveGpuDrivenCrowd/LiveGpuDrivenCrowd.compute using Guid(f356c0e8a082e1d408087e94e121a757) (ComputeShaderImporter)Launched and connected shader compiler UnityShaderCompiler.exe after 0.03 seconds
 -> (artifact id: 'e8d4f69d22100dcb0a08bfc527bd619e') in 0.0765216 seconds
Start importing Assets/LiveGpuDrivenCrowd/LiveGpuDrivenCrowd.shader using Guid(26c01b1548427284f88825f06fc1e1bd) (ShaderImporter) -> (artifact id: 'b1f531cef5f804faddf02929c6af18c5') in 0.0143455 seconds
Start importing Packages/com.unity.modules.screencapture/package.json using Guid(80beef77cb19e713c7c2d481b65ed485) (PackageManifestImporter) -> (artifact id: '2f4796478e898a299d67d69a4e932b6a') in 0.0028574 seconds
Start importing Packages/com.unity.modules.imgui/package.json using Guid(42fe78c8fe682715a2cb531422e6ccb3) (PackageManifestImporter) -> (artifact id: 'b643c636c8e55776455f8adce1983951') in 0.0013073 seconds
Start importing Packages/com.unity.modules.imageconversion/package.json using Guid(953fab16d15d5885b3600fcd6388b2ad) (PackageManifestImporter) -> (artifact id: '4914195fadd462954a635b65250787ed') in 0.0011199 seconds
Start importing Assets/LiveGpuDrivenCrowd/README.md using Guid(9a0e77843e72d2d4bbb72baaad0c9146) (TextScriptImporter) -> (artifact id: 'd10d4283b5ce4281acfe636171951b3b') in 0.0037649 seconds
Launched and connected shader compiler UnityShaderCompiler.exe after 0.02 seconds
Launched and connected shader compiler UnityShaderCompiler.exe after 0.02 seconds
Loading style catalogs (6)
	StyleSheets/Extensions/base/common.uss
	UIPackageResources/StyleSheets/Default/Variables/Public/common.uss
	StyleSheets/Northstar/common.uss
	StyleSheets/Extensions/fonts/inter.uss
	StyleSheets/Extensions/base/dark.uss
	UIPackageResources/StyleSheets/Default/Northstar/Palette/dark.uss
Refreshing native plugins compatible for Editor in 0.00 ms, found 0 plugins.
Preloading 0 native plugins for Editor in 0.00 ms.
Asset Pipeline Refresh (id=dc9da7df68f492b4d94d77c747da697d): Total: 5.929 seconds - Initiated by InitialRefreshV2(ForceSynchronousImport)
	Summary:
		Imports: total=36 (actual=36, local cache=0, cache server=0)
		Asset DB Process Time: managed=6 ms, native=678 ms
		Asset DB Callback time: managed=105 ms, native=853 ms
		Scripting: domain reloads=1, domain reload time=346 ms, compile time=3933 ms, other=6 ms
		Project Asset Count: scripts=29, non-scripts=7
		Asset File Changes: new=38, changed=38, moved=0, deleted=0
		Scan Filter Count: 0
	InvokeCustomDependenciesCallbacks: 0.002ms
	InvokePackagesCallback: 443.385ms
	ApplyChangesToAssetFolders: 0.346ms
	Scan: 52.717ms
	OnSourceAssetsModified: 2.224ms
	CategorizeAssetsWithTransientArtifact: 0.235ms
	ProcessAssetsWithTransientArtifactChanges: 1.170ms
	CategorizeAssets: 0.967ms
	ImportOutOfDateAssets: 566.486ms (-3602.986ms without children)
		ImportManagerImport: 235.950ms (6.311ms without children)
			ImportInProcess: 229.582ms
			UpdateCategorizedAssets: 0.057ms
		CompileScripts: 3932.830ms
		ReloadNativeAssets: 0.001ms
		UnloadImportedAssets: 0.198ms
		ReloadImportedAssets: 0.005ms
		EnsureUptoDateAssetsAreRegisteredWithGuidPM: 0.006ms
		InitializingProgressBar: 0.001ms
		PostProcessAllAssetNotificationsAddChangedAssets: 0.001ms
		OnDemandSchedulerStart: 0.480ms
	PostProcessAllAssets: 524.564ms
	Hotreload: 0.898ms
	GatherAllCurrentPrimaryArtifactRevisions: 0.189ms
	UnloadStreamsBegin: 0.986ms
	PersistCurrentRevisions: 0.028ms
	UnloadStreamsEnd: 0.001ms
	GenerateScriptTypeHashes: 0.001ms
	Untracked: 4334.969ms

Application.AssetDatabase Initial Refresh End
Scanning for USB devices : 3.121ms
Initializing Unity extensions:
[MODES] ModeService[none].Initialize
[MODES] ModeService[none].LoadModes
[MODES] Loading mode Default (0) for mode-current-id-hlsl-unity-live-20260917
Unloading 3 Unused Serialized files (Serialized files now loaded: 0)
Unloading 17 unused Assets / (0.5 MB). Loaded Objects now: 665.
Memory consumption went from 127.9 MB to 127.4 MB.
Total: 3.910600 ms (FindLiveObjects: 0.047700 ms CreateObjectMapping: 0.003300 ms MarkObjects: 3.666100 ms  DeleteObjects: 0.192000 ms)

[LAYOUT] About to load C:/Users/[USER]/AppData/Roaming/Unity/Editor-5.x/Preferences\Layouts\current\default-6000.dwlt, keepMainWindow=False
[LAYOUT] About to save layout D:\CodexValidation\hlsl-unity-live-20260917\UserSettings\Layouts\default-6000.dwlt
[LAYOUT] About to save layout C:/Users/[USER]/AppData/Roaming/Unity/Editor-5.x/Preferences\Layouts\current\default-6000.dwlt
[MODES] ModeService[default].InitializeCurrentMode
[MODES] ModeService[default].RaiseModeChanged(default, default)
This project uses Input Manager, which is marked for deprecation. To manage input in your project, use the <a href="https://docs.unity3d.com/Packages/com.unity.inputsystem@latest">Input System package</a> instead.
Launching Unity Hub...
Unloading 3 Unused Serialized files (Serialized files now loaded: 0)
Unloading 1 unused Assets / (50.4 KB). Loaded Objects now: 1408.
Memory consumption went from 305.0 MB to 305.0 MB.
Total: 5.338300 ms (FindLiveObjects: 0.068500 ms CreateObjectMapping: 0.008100 ms MarkObjects: 5.238000 ms  DeleteObjects: 0.022200 ms)

Start importing Assets/LiveCrowd.unity using Guid(8a435b89e177bbe4e87024d2a86fcb2a) (DefaultImporter) -> (artifact id: '9a594f61c966c0df4499ead5364d16fc') in 0.0007462 seconds
Refreshing native plugins compatible for Editor in 0.00 ms, found 0 plugins.
Preloading 0 native plugins for Editor in 0.00 ms.
Asset Pipeline Refresh (id=dfaee006b4c96724194e6614ab3c59df): Total: 0.011 seconds - Initiated by StopAssetImportingV2(NoUpdateAssetOptions)
<RI> Initializing input.

<RI> Input initialized.

[Project] Loading completed in 18.720 seconds
	Project init time: 				9.874 seconds
		Template init time: 		0.000 seconds
		Package Manager init time: 		1.795 seconds
		Asset Database init time: 		0.319 seconds
		Global illumination init time: 	0.016 seconds
		Assemblies load time: 			0.842 seconds
		Unity extensions init time: 	0.000 seconds
		Asset Database refresh time: 	5.929 seconds
	Scene opening time: 			8.447 seconds
##utp:{"type":"ProjectInfo","version":2,"phase":"Immediate","time":1789644595887,"processId":33632,"projectLoad":18.7203338,"projectInit":9.8743232,"templateInit":0.0,"packageManagerInit":1.794754,"assetDatabaseInit":0.3190618,"globalIlluminationInit":0.0158054,"assembliesLoad":0.8422002,"unityExtensionsInit":0.0003198,"assetDatabaseRefresh":5.9292543,"sceneOpening":8.4470656}
##utp:{"type":"EditorInfo","version":2,"phase":"Immediate","time":1789644595887,"processId":33632,"editorVersion":"6000.3.13f1 (8c4f11e4fb20)","branch":"6000.3/staging","buildType":"Release","platform":"Windows"}
Reloading assemblies for play mode.
Reloading assemblies after forced synchronous recompile.
Begin MonoManager ReloadAssembly
- Loaded All Assemblies, in  0.282 seconds
Refreshing native plugins compatible for Editor in 0.00 ms, found 0 plugins.
Native extension for WindowsStandalone target not found
ScheduleIndexationOnStartup MainProcess:True IndexOnStartup:True
[MODES] ModeService[none].Initialize
[MODES] ModeService[none].LoadModes
Mono: successfully reloaded assembly
- Finished resetting the current domain, in  0.603 seconds
Domain Reload Profiling: 882ms
	BeginReloadAssembly (220ms)
		ExecutionOrderSort (0ms)
		DisableScriptedObjects (55ms)
		BackupInstance (0ms)
		ReleaseScriptingObjects (0ms)
		CreateAndSetChildDomain (52ms)
	RebuildCommonClasses (26ms)
	RebuildNativeTypeToScriptingClass (8ms)
	initialDomainReloadingComplete (17ms)
	LoadAllAssembliesAndSetupDomain (9ms)
		LoadAssemblies (92ms)
		RebuildTransferFunctionScriptingTraits (0ms)
		AnalyzeDomain (5ms)
			TypeCache.Refresh (4ms)
				TypeCache.ScanAssembly (0ms)
			BuildScriptInfoCaches (1ms)
			ResolveRequiredComponents (0ms)
	FinalizeReload (603ms)
		ReleaseScriptCaches (0ms)
		RebuildScriptCaches (0ms)
		SetupLoadedEditorAssemblies (202ms)
			LogAssemblyErrors (0ms)
			InitializePlatformSupportModulesInManaged (16ms)
			SetLoadedEditorAssemblies (2ms)
			BeforeProcessingInitializeOnLoad (74ms)
			ProcessInitializeOnLoadAttributes (76ms)
			ProcessInitializeOnLoadMethodAttributes (28ms)
			AfterProcessingInitializeOnLoad (6ms)
			EditorAssembliesLoaded (0ms)
		ExecutionOrderSort2 (0ms)
		AwakeInstancesAfterBackupRestoration (221ms)
Asset Pipeline Refresh (id=af7e62c0f404ec844ab38bce7c2efbf2): Total: 0.921 seconds - Initiated by StopAssetImportingV2(ForceSynchronousImport | ForceDomainReload)
	Summary:
		Imports: total=0 (actual=0, local cache=0, cache server=0)
		Asset DB Process Time: managed=0 ms, native=621 ms
		Asset DB Callback time: managed=8 ms, native=0 ms
		Scripting: domain reloads=1, domain reload time=289 ms, compile time=1 ms, other=0 ms
		Project Asset Count: scripts=29, non-scripts=8
		Asset File Changes: new=0, changed=0, moved=0, deleted=0
		Scan Filter Count: 0
	InvokeCustomDependenciesCallbacks: 0.001ms
	InvokePackagesCallback: 1.588ms
	ApplyChangesToAssetFolders: 0.040ms
	Scan: 0.001ms
	OnSourceAssetsModified: 0.002ms
	CategorizeAssetsWithTransientArtifact: 0.003ms
	ProcessAssetsWithTransientArtifactChanges: 0.019ms
	CategorizeAssets: 0.136ms
	ImportOutOfDateAssets: 604.743ms (602.282ms without children)
		CompileScripts: 1.331ms
		CollectScriptTypesHashes: 0.001ms
		ReloadNativeAssets: 0.001ms
		UnloadImportedAssets: 0.886ms
		EnsureUptoDateAssetsAreRegisteredWithGuidPM: 0.007ms
		InitializingProgressBar: 0.001ms
		PostProcessAllAssetNotificationsAddChangedAssets: 0.000ms
		OnDemandSchedulerStart: 0.234ms
	PostProcessAllAssets: 8.285ms
	GatherAllCurrentPrimaryArtifactRevisions: 0.004ms
	UnloadStreamsBegin: 1.081ms
	PersistCurrentRevisions: 0.001ms
	UnloadStreamsEnd: 0.001ms
	GenerateScriptTypeHashes: 0.001ms
	Untracked: 304.763ms

Loaded scene 'Temp/__Backupscenes/0.backup'
	Deserialize:            0.850 ms
	Integration:            49.862 ms
	Integration of assets:  0.001 ms
	Thread Wait Time:       0.099 ms
	Total Operation Time:   50.813 ms
Asset Pipeline Refresh (id=ad3d5df0c89093944830c1efa667136f): Total: 0.015 seconds - Initiated by RefreshV2(NoUpdateAssetOptions)
[MODES] ModeService[default].LoadModes
Start Indexing on Editor startup
ArgumentOutOfRangeException: Index was out of range. Must be non-negative and less than the size of the collection.
Parameter name: index
  at System.Collections.Generic.List`1[T].get_Item (System.Int32 index) [0x00009] in <41d29b352f6a475ab1bf7c6628b82790>:0
  at UnityEditor.Search.SearchDatabase+<EnumerateAll>d__80.MoveNext () [0x00106] in <bbd471211c55428780bc312cb1aad721>:0
  at System.Linq.Enumerable.TryGetFirst[TSource] (System.Collections.Generic.IEnumerable`1[T] source, System.Boolean& found) [0x00045] in <80564d689e48448fa2a7101993ee7201>:0
  at System.Linq.Enumerable.First[TSource] (System.Collections.Generic.IEnumerable`1[T] source) [0x00000] in <80564d689e48448fa2a7101993ee7201>:0
  at UnityEditor.Search.SearchDatabase.GetDefaultSearchDatabase () [0x00006] in <bbd471211c55428780bc312cb1aad721>:0
  at UnityEditor.Search.SearchInit.IndexationOnStartup () [0x0000c] in <bbd471211c55428780bc312cb1aad721>:0
  at UnityEditor.EditorApplication.Internal_CallDelayFunctions () [0x0002c] in <7e9d236df72e41199c1709cbdadee527>:0

Created GICache directory at C:/Users/[USER]/AppData/LocalLow/Unity/Caches/GiCache. Took: 0.009s, timestamps: [20.049 - 20.058]
[Licensing::Client] Successfully resolved entitlement details
[Licensing::Client] Successfully resolved entitlement details
[Licensing::Client] Successfully updated the access token
[Licensing::Module] Successfully updated access token: [REDACTED]
[Licensing::Client] Successfully resolved entitlement details
[Licensing::Client] Successfully resolved entitlement details
[Licensing::Client] Successfully resolved entitlement details
[Licensing::Client] Successfully resolved entitlement details
[Licensing::Client] Successfully resolved entitlement details
[Licensing::Client] Successfully resolved entitlement details
[Licensing::Client] Successfully resolved entitlement details
[Licensing::Client] Successfully resolved entitlement details
[Licensing::Client] Successfully resolved entitlement details
[Licensing::Client] Successfully resolved entitlement details
[Licensing::Client] Successfully resolved entitlement details
[Licensing::Client] Successfully resolved entitlement details
[Licensing::Client] Successfully resolved entitlement details
[Licensing::Client] Successfully resolved entitlement details
[Licensing::Client] Successfully resolved entitlement details
[Licensing::Client] Successfully resolved entitlement details
[Licensing::Client] Successfully resolved entitlement details
[Licensing::Client] Successfully resolved entitlement details
[Licensing::Client] Successfully resolved entitlement details
[Licensing::Client] Successfully resolved entitlement details
[Licensing::Client] Successfully resolved entitlement details
[Licensing::Client] Successfully resolved entitlement details
[Licensing::Client] Successfully resolved entitlement details
[Licensing::Client] Successfully resolved entitlement details
[Licensing::Client] Successfully resolved entitlement details
[Licensing::Client] Successfully resolved entitlement details
[Licensing::Client] Successfully resolved entitlement details
[Licensing::Client] Successfully resolved entitlement details
[Licensing::Client] Successfully resolved entitlement details
[Licensing::Client] Successfully resolved entitlement details
[Licensing::Client] Successfully resolved entitlement details
[Licensing::Client] Successfully resolved entitlement details
[Licensing::Client] Successfully resolved entitlement details
[Licensing::Client] Successfully resolved entitlement details
[Licensing::Client] Successfully resolved entitlement details
[Licensing::Client] Successfully resolved entitlement details
[Licensing::Client] Successfully resolved entitlement details
[Licensing::Client] Successfully resolved entitlement details
[Licensing::Client] Successfully resolved entitlement details
[Licensing::Client] Successfully resolved entitlement details
[Licensing::Client] Successfully resolved entitlement details
[Licensing::Client] Successfully resolved entitlement details
[Licensing::Client] Successfully resolved entitlement details
[Licensing::Client] Successfully resolved entitlement details
[Licensing::Client] Successfully resolved entitlement details
[Licensing::Client] Successfully resolved entitlement details
TrimDiskCacheJob: Current cache size 0mb
Scanning for USB devices : 2.709ms
[Licensing::Client] Successfully resolved entitlement details
[Licensing::Client] Successfully updated the access token
[Licensing::Module] Successfully updated access token: [REDACTED]
[Licensing::Client] Successfully resolved entitlement details
[Licensing::Client] Successfully resolved entitlement details
[Licensing::Client] Successfully updated the access token
[Licensing::Module] Successfully updated access token: [REDACTED]
[Licensing::Client] Successfully resolved entitlement details
[Licensing::Client] Successfully resolved entitlement details
[Licensing::Client] Successfully updated the access token
[Licensing::Module] Successfully updated access token: [REDACTED]
[Licensing::Client] Successfully resolved entitlement details
[Licensing::Client] Successfully resolved entitlement details
Scanning for USB devices : 2.718ms
Scanning for USB devices : 2.627ms
Asset Pipeline Refresh (id=5ca8a8c9e74ea4d43996a55b06a059b0): Total: 0.013 seconds - Initiated by RefreshV2(NoUpdateAssetOptions)
Unloading 0 Unused Serialized files (Serialized files now loaded: 0)
Loaded scene 'Temp/__Backupscenes/0.backup'
	Deserialize:            0.427 ms
	Integration:            6.251 ms
	Integration of assets:  0.001 ms
	Thread Wait Time:       0.011 ms
	Total Operation Time:   6.690 ms
Unloading 2 unused Assets / (0.8 KB). Loaded Objects now: 1437.
Memory consumption went from 464.9 MB to 464.9 MB.
Total: 5.678000 ms (FindLiveObjects: 0.072400 ms CreateObjectMapping: 0.008700 ms MarkObjects: 5.567800 ms  DeleteObjects: 0.027800 ms)

[Licensing::Client] Successfully resolved entitlement details
[LAYOUT] About to save layout D:\CodexValidation\hlsl-unity-live-20260917\UserSettings\Layouts\default-6000.dwlt
[LAYOUT] About to save layout C:/Users/[USER]/AppData/Roaming/Unity/Editor-5.x/Preferences\Layouts\current\default-6000.dwlt
[Physics::Module] Cleanup current backend.
[Physics::Module] Id: 0xf2b8ea05
Input System module state changed to: ShutdownInProgress.
Input System polling thread exited.
Input System module state changed to: Shutdown.
[Licensing::IpcConnector] LicenseClient-[USER]-notifications channel disconnected successfully.
[Licensing::IpcConnector] LicenseClient-[USER] channel disconnected successfully.
AcceleratorClientConnectionCallback - disconnected - :0
Cleanup mono
Checking for leaked weakptr:
  Found no leaked weakptrs.
[Package Manager] Server process was shutdown
##utp:{"type":"MemoryLeaks","version":2,"phase":"Immediate","time":1789673166151,"processId":33632,"allocatedMemory":162952463,"memoryLabels":[{"Default":29317},{"Permanent":15236},{"NewDelete":65273},{"Thread":4230344},{"Manager":39165},{"VertexData":8},{"Geometry":816},{"Texture":296},{"Shader":79765},{"Material":24},{"GfxDevice":55265},{"Animation":392},{"Audio":2664},{"FreeType":8},{"FontEngine":132022372},{"Physics":2090},{"Physics2D":16},{"Serialization":85208},{"Input":14984},{"JobScheduler":33024},{"TextLib":31832},{"Mono":32},{"ScriptingNativeRuntime":155060},{"BaseObject":1619992},{"Resource":1336},{"Renderer":3000},{"Transform":4685},{"File":1016},{"WebCam":616},{"Culling":32},{"Terrain":11394},{"Wind":24},{"STL":40},{"String":11314},{"DynamicArray":75911},{"HashMap":3840466},{"Utility":2661410},{"Curl":48},{"PoolAlloc":16973560},{"AI":80},{"TypeTree":11341},{"ScriptManager":512},{"RuntimeInitializeOnLoadManager":64},{"SpriteAtlas":112},{"GI":7792},{"Director":8240},{"CloudService":6912},{"WebRequest":4483},{"VR":47994},{"SceneManager":504},{"Video":208},{"LazyScriptCache":32},{"Camera":17},{"Secure":1},{"Image":16384},{"SerializationCache":1576},{"APIUpdating":10320},{"Subsystems":336},{"VirtualTexturing":57888},{"StaticSafetyDebugInfo":278528},{"Analytics":384},{"Hierarchy":608},{"CoreStats":13032},{"Identifiers":12960},{"Gui":141},{"EditorUtility":146607},{"VersionControl":4},{"Undo":947},{"AssetDatabase":210465},{"EditorGi":328},{"UnityConnect":29504},{"Upm":1972},{"AssetCompliance":64},{"DrivenProperties":72},{"LocalIPC":211},{"ProfilerEditor":9746},{"CoreBusinessMetrics":2867},{"Licensing":1232},{"AssetReference":32},{"IPCStream":32}]}
