2026-09-15T05:17:34.4430952+00:00 PID 58176: Waiting for the shared R9700 / Unity validation lock.
2026-09-15T05:17:34.4464216+00:00 PID 58176: Shared validation lock acquired.
tile exit 0 totals []
tile-fused exit 0 totals []
rts exit 0 totals []
input-export exit 0 totals []
tile exit 0 totals [0.639827]
tile-fused exit 0 totals [0.290272]
rts exit 0 totals [0.358429]
round1-pos1-tile exit 0 totals [0.637459]
round1-pos2-tile-fused exit 0 totals [0.290492]
round1-pos3-rts exit 0 totals [0.358411]
round2-pos1-tile exit 0 totals [0.637596]
round2-pos2-rts exit 0 totals [0.358385]
round2-pos3-tile-fused exit 0 totals [0.290297]
round3-pos1-tile-fused exit 0 totals [0.290255]
round3-pos2-tile exit 0 totals [0.637574]
round3-pos3-rts exit 0 totals [0.35843]
round4-pos1-tile-fused exit 0 totals [0.290314]
round4-pos2-rts exit 0 totals [0.358438]
round4-pos3-tile exit 0 totals [0.637797]
round5-pos1-rts exit 0 totals [0.358499]
round5-pos2-tile exit 0 totals [0.637653]
round5-pos3-tile-fused exit 0 totals [0.290661]
round6-pos1-rts exit 0 totals [0.358349]
round6-pos2-tile-fused exit 0 totals [0.290443]
round6-pos3-tile exit 0 totals [0.637628]
2026-09-15T05:18:27.3719131+00:00 PID 58176: Shared validation lock released.
