sdk-exclusive-0-0: PASS
sdk-inclusive-0-0: PASS
gps-rts-exclusive-0-0: PASS
sdk-exclusive-0-1: PASS
sdk-inclusive-0-1: PASS
gps-rts-exclusive-0-1: PASS
sdk-exclusive-0-2: PASS
sdk-inclusive-0-2: PASS
gps-rts-exclusive-0-2: PASS
sdk-exclusive-1-0: PASS
sdk-inclusive-1-0: PASS
gps-rts-exclusive-1-0: PASS
sdk-exclusive-1-1: PASS
sdk-inclusive-1-1: PASS
gps-rts-exclusive-1-1: PASS
sdk-exclusive-1-2: PASS
sdk-inclusive-1-2: PASS
gps-rts-exclusive-1-2: PASS
sdk-exclusive-2-0: PASS
sdk-inclusive-2-0: PASS
gps-rts-exclusive-2-0: PASS
sdk-exclusive-2-1: PASS
sdk-inclusive-2-1: PASS
gps-rts-exclusive-2-1: PASS
sdk-exclusive-2-2: PASS
sdk-inclusive-2-2: PASS
gps-rts-exclusive-2-2: PASS
sdk-exclusive-3-0: PASS
sdk-inclusive-3-0: PASS
gps-rts-exclusive-3-0: PASS
sdk-exclusive-3-1: PASS
sdk-inclusive-3-1: PASS
gps-rts-exclusive-3-1: PASS
sdk-exclusive-3-2: PASS
sdk-inclusive-3-2: PASS
gps-rts-exclusive-3-2: PASS
sdk-exclusive-4-0: PASS
sdk-inclusive-4-0: PASS
gps-rts-exclusive-4-0: PASS
sdk-exclusive-4-1: PASS
sdk-inclusive-4-1: PASS
gps-rts-exclusive-4-1: PASS
sdk-exclusive-4-2: PASS
sdk-inclusive-4-2: PASS
gps-rts-exclusive-4-2: PASS
sdk-exclusive-5-0: PASS
sdk-inclusive-5-0: PASS
gps-rts-exclusive-5-0: PASS
sdk-exclusive-5-1: PASS
sdk-inclusive-5-1: PASS
gps-rts-exclusive-5-1: PASS
sdk-exclusive-5-2: PASS
sdk-inclusive-5-2: PASS
gps-rts-exclusive-5-2: PASS
sdk-exclusive-31-0: PASS
sdk-inclusive-31-0: PASS
gps-rts-exclusive-31-0: PASS
sdk-exclusive-31-1: PASS
sdk-inclusive-31-1: PASS
gps-rts-exclusive-31-1: PASS
sdk-exclusive-31-2: PASS
sdk-inclusive-31-2: PASS
gps-rts-exclusive-31-2: PASS
sdk-exclusive-32-0: PASS
sdk-inclusive-32-0: PASS
gps-rts-exclusive-32-0: PASS
sdk-exclusive-32-1: PASS
sdk-inclusive-32-1: PASS
gps-rts-exclusive-32-1: PASS
sdk-exclusive-32-2: PASS
sdk-inclusive-32-2: PASS
gps-rts-exclusive-32-2: PASS
sdk-exclusive-33-0: PASS
sdk-inclusive-33-0: PASS
gps-rts-exclusive-33-0: PASS
sdk-exclusive-33-1: PASS
sdk-inclusive-33-1: PASS
gps-rts-exclusive-33-1: PASS
sdk-exclusive-33-2: PASS
sdk-inclusive-33-2: PASS
gps-rts-exclusive-33-2: PASS
sdk-exclusive-127-0: PASS
sdk-inclusive-127-0: PASS
gps-rts-exclusive-127-0: PASS
sdk-exclusive-127-1: PASS
sdk-inclusive-127-1: PASS
gps-rts-exclusive-127-1: PASS
sdk-exclusive-127-2: PASS
sdk-inclusive-127-2: PASS
gps-rts-exclusive-127-2: PASS
sdk-exclusive-128-0: PASS
sdk-inclusive-128-0: PASS
gps-rts-exclusive-128-0: PASS
sdk-exclusive-128-1: PASS
sdk-inclusive-128-1: PASS
gps-rts-exclusive-128-1: PASS
sdk-exclusive-128-2: PASS
sdk-inclusive-128-2: PASS
gps-rts-exclusive-128-2: PASS
sdk-exclusive-129-0: PASS
sdk-inclusive-129-0: PASS
gps-rts-exclusive-129-0: PASS
sdk-exclusive-129-1: PASS
sdk-inclusive-129-1: PASS
gps-rts-exclusive-129-1: PASS
sdk-exclusive-129-2: PASS
sdk-inclusive-129-2: PASS
gps-rts-exclusive-129-2: PASS
sdk-exclusive-255-0: PASS
sdk-inclusive-255-0: PASS
gps-rts-exclusive-255-0: PASS
sdk-exclusive-255-1: PASS
sdk-inclusive-255-1: PASS
gps-rts-exclusive-255-1: PASS
sdk-exclusive-255-2: PASS
sdk-inclusive-255-2: PASS
gps-rts-exclusive-255-2: PASS
sdk-exclusive-256-0: PASS
sdk-inclusive-256-0: PASS
gps-rts-exclusive-256-0: PASS
sdk-exclusive-256-1: PASS
sdk-inclusive-256-1: PASS
gps-rts-exclusive-256-1: PASS
sdk-exclusive-256-2: PASS
sdk-inclusive-256-2: PASS
gps-rts-exclusive-256-2: PASS
sdk-exclusive-257-0: PASS
sdk-inclusive-257-0: PASS
gps-rts-exclusive-257-0: PASS
sdk-exclusive-257-1: PASS
sdk-inclusive-257-1: PASS
gps-rts-exclusive-257-1: PASS
sdk-exclusive-257-2: PASS
sdk-inclusive-257-2: PASS
gps-rts-exclusive-257-2: PASS
sdk-exclusive-4095-0: PASS
sdk-inclusive-4095-0: PASS
gps-rts-exclusive-4095-0: PASS
sdk-exclusive-4095-1: PASS
sdk-inclusive-4095-1: PASS
gps-rts-exclusive-4095-1: PASS
sdk-exclusive-4095-2: PASS
sdk-inclusive-4095-2: PASS
gps-rts-exclusive-4095-2: PASS
sdk-exclusive-4096-0: PASS
sdk-inclusive-4096-0: PASS
gps-rts-exclusive-4096-0: PASS
sdk-exclusive-4096-1: PASS
sdk-inclusive-4096-1: PASS
gps-rts-exclusive-4096-1: PASS
sdk-exclusive-4096-2: PASS
sdk-inclusive-4096-2: PASS
gps-rts-exclusive-4096-2: PASS
sdk-exclusive-4097-0: PASS
sdk-inclusive-4097-0: PASS
gps-rts-exclusive-4097-0: PASS
sdk-exclusive-4097-1: PASS
sdk-inclusive-4097-1: PASS
gps-rts-exclusive-4097-1: PASS
sdk-exclusive-4097-2: PASS
sdk-inclusive-4097-2: PASS
gps-rts-exclusive-4097-2: PASS
sdk-exclusive-6145-0: PASS
sdk-inclusive-6145-0: PASS
gps-rts-exclusive-6145-0: PASS
sdk-exclusive-6145-1: PASS
sdk-inclusive-6145-1: PASS
gps-rts-exclusive-6145-1: PASS
sdk-exclusive-6145-2: PASS
sdk-inclusive-6145-2: PASS
gps-rts-exclusive-6145-2: PASS
sdk-exclusive-8193-0: PASS
sdk-inclusive-8193-0: PASS
gps-rts-exclusive-8193-0: PASS
sdk-exclusive-8193-1: PASS
sdk-inclusive-8193-1: PASS
gps-rts-exclusive-8193-1: PASS
sdk-exclusive-8193-2: PASS
sdk-inclusive-8193-2: PASS
gps-rts-exclusive-8193-2: PASS
sdk-exclusive-1048583-0: PASS
sdk-inclusive-1048583-0: PASS
gps-rts-exclusive-1048583-0: PASS
sdk-exclusive-1048583-1: PASS
sdk-inclusive-1048583-1: PASS
gps-rts-exclusive-1048583-1: PASS
sdk-exclusive-1048583-2: PASS
sdk-inclusive-1048583-2: PASS
gps-rts-exclusive-1048583-2: PASS
sdk-exclusive-4194311-0: PASS
sdk-inclusive-4194311-0: PASS
gps-rts-exclusive-4194311-0: PASS
sdk-exclusive-4194311-1: PASS
sdk-inclusive-4194311-1: PASS
gps-rts-exclusive-4194311-1: PASS
sdk-exclusive-4194311-2: PASS
sdk-inclusive-4194311-2: PASS
gps-rts-exclusive-4194311-2: PASS
compaction-1-mask0: PASS
compaction-1-mask7: PASS
compaction-1-mask4294967295: PASS
compaction-5-mask0: PASS
compaction-5-mask7: PASS
compaction-5-mask4294967295: PASS
compaction-4095-mask0: PASS
compaction-4095-mask7: PASS
compaction-4095-mask4294967295: PASS
compaction-4096-mask0: PASS
compaction-4096-mask7: PASS
compaction-4096-mask4294967295: PASS
compaction-4097-mask0: PASS
compaction-4097-mask7: PASS
compaction-4097-mask4294967295: PASS
compaction-8193-mask0: PASS
compaction-8193-mask7: PASS
compaction-8193-mask4294967295: PASS
compaction-1048583-mask0: PASS
compaction-1048583-mask7: PASS
compaction-1048583-mask4294967295: PASS
kernel-empty-compaction: PASS
forced-fallback-inclusiveFalse: PASS
kernel-empty-inclusiveFalse-sentinel2779096485: PASS
kernel-empty-inclusiveFalse-sentinel1515870810: PASS
kernel-empty-inclusiveFalse-sentinel1934698923: PASS
forced-fallback-inclusiveTrue: PASS
kernel-empty-inclusiveTrue-sentinel2779096485: PASS
kernel-empty-inclusiveTrue-sentinel1515870810: PASS
kernel-empty-inclusiveTrue-sentinel1934698923: PASS
shared-scratch-shrink-grow-alternating-modes: PASS
PASS: 229 GPU configurations; no performance selection.
